// Jest Snapshot v1, https://goo.gl/fbAQLP

exports[`App should match the snapshot 1`] = `
<div
  className="App"
>
  <Header
    error={null}
    favoritesCount={0}
    movie={null}
  />
  <Route
    exact={true}
    path="/"
    render={[Function]}
  />
  <Route
    path="/people"
    render={[Function]}
  />
  <Route
    path="/planets"
    render={[Function]}
  />
  <Route
    path="/vehicles"
    render={[Function]}
  />
  <Route
    path="/favorites"
    render={[Function]}
  />
  <Route
    render={[Function]}
  />
</div>
`;
